// Jest Snapshot v1, https://goo.gl/fbAQLP

exports[`ProductTitle Should render the component with the personalized title 1`] = `
<span
  className="productDescription custom-class"
>
  Custom Product
</span>
`;

exports[`ProductTitle Should show the default product name 1`] = `
<div
  className="productCard undefined"
>
  <span
    className="productDescription undefined"
  >
    Coffee Mug - NoImage
  </span>
</div>
`;
